{
  "_id": "null-example",
  "null-field": null
}
